<?xml version="1.0" encoding="UTF-8"?>
<testsuites name="jest tests" tests="2" failures="0" errors="0" time="3.454">
  <testsuite name="Grid" errors="0" failures="0" skipped="0" timestamp="2021-10-04T14:46:46" time="2.657" tests="2">
    <testcase classname="Grid renders" name="Grid renders" time="0.002">
    </testcase>
    <testcase classname="Grid open context menu" name="Grid open context menu" time="0.026">
    </testcase>
  </testsuite>
</testsuites>